// Jest Snapshot v1, https://goo.gl/fbAQLP

exports[`Test in <Item /> Should show <Item /> correctly 1`] = `ShallowWrapper {}`;
