// Jest Snapshot v1, https://goo.gl/fbAQLP

exports[`Test in <SearchItem /> should show correctly 1`] = `ShallowWrapper {}`;
